---begin global scope---
print (string) -> void
printi (int) -> void
main () -> void
printOk (bool) -> void
  ---begin scope---
  x int 0
  y byte 1
  z int 2
  ---end scope--- 
  ---begin scope---
  isOk bool -1
  i int 0
    ---begin scope--- //while
      ---begin scope---
      ---end scope---
    ---end scope---
    ---begin scope---// if
      ---begin scope---
      x int 1
      ---end scope---
    ---end scope---
    ---begin scope---
    ---end scope---
  ---end scope---
---end global scope---
